****************************************
Report : constraint
	-all_violators
	-path slack_only
Design : matrix_mult_wrapper_03
Version: W-2024.09-SP5
Date   : Tue Nov 11 15:45:58 2025
****************************************


   max_delay/setup ('clk' group)

   Endpoint                                                  Slack
   -----------------------------------------------------------------
   matrix_mult_group3/sys_ctrl/ob_mem_addr_o_reg_4_/CDN      -0.53  (VIOLATED)
   matrix_mult_group3/sys_ctrl/wb_mem_addr_o_reg_1_/CDN      -0.51  (VIOLATED)
   monitor_0/misr_0/r_misr_data_reg_49_/CDN                  -0.51  (VIOLATED)
   monitor_0/misr_0/r_misr_data_reg_62_/CDN                  -0.50  (VIOLATED)
   driver_0/lfsr_0/r_lfsr_data_r_reg_3_/CDN                  -0.50  (VIOLATED)
   driver_0/lfsr_0/r_lfsr_data_r_reg_64_/CDN                 -0.50  (VIOLATED)
   monitor_0/misr_0/r_misr_data_reg_3_/CDN                   -0.49  (VIOLATED)
   matrix_mult_group3/sys_ctrl/ob_mem_addr_o_reg_5_/CDN      -0.49  (VIOLATED)
   monitor_0/misr_0/r_misr_data_reg_23_/CDN                  -0.48  (VIOLATED)
   monitor_0/misr_0/r_misr_data_reg_27_/CDN                  -0.48  (VIOLATED)
   monitor_0/misr_0/r_misr_data_reg_9_/CDN                   -0.47  (VIOLATED)
   monitor_0/misr_0/r_misr_data_reg_4_/CDN                   -0.47  (VIOLATED)
   monitor_0/misr_0/r_misr_data_reg_51_/CDN                  -0.46  (VIOLATED)
   driver_0/lfsr_0/r_lfsr_data_r_reg_63_/CDN                 -0.46  (VIOLATED)
   matrix_mult_group3/sys_ctrl/ib_mem_addr_o_reg_6_/CDN      -0.46  (VIOLATED)
   matrix_mult_group3/sys_ctrl/ib_mem_addr_o_reg_7_/CDN      -0.46  (VIOLATED)
   matrix_mult_group3/sys_ctrl/wb_mem_addr_o_reg_6_/CDN      -0.46  (VIOLATED)
   driver_0/lfsr_0/r_lfsr_data_r_reg_2_/CDN                  -0.46  (VIOLATED)
   driver_0/lfsr_0/r_lfsr_data_r_reg_12_/CDN                 -0.46  (VIOLATED)
   matrix_mult_group3/sys_ctrl/wb_mem_addr_o_reg_5_/CDN      -0.45  (VIOLATED)
   driver_0/lfsr_0/r_lfsr_data_r_reg_51_/CDN                 -0.45  (VIOLATED)
   matrix_mult_group3/sys_ctrl/wb_mem_addr_o_reg_2_/CDN      -0.45  (VIOLATED)
   driver_0/lfsr_0/r_lfsr_data_r_reg_35_/CDN                 -0.45  (VIOLATED)
   driver_0/lfsr_0/r_lfsr_data_r_reg_53_/CDN                 -0.45  (VIOLATED)
   monitor_0/misr_0/r_misr_data_reg_22_/CDN                  -0.44  (VIOLATED)
   monitor_0/misr_0/r_misr_data_reg_29_/CDN                  -0.44  (VIOLATED)
   monitor_0/misr_0/r_misr_data_reg_25_/CDN                  -0.44  (VIOLATED)
   monitor_0/misr_0/r_misr_data_reg_56_/CDN                  -0.43  (VIOLATED)
   driver_0/lfsr_0/r_lfsr_data_r_reg_43_/CDN                 -0.43  (VIOLATED)
   monitor_0/misr_0/r_misr_data_reg_7_/CDN                   -0.43  (VIOLATED)
   monitor_0/misr_0/r_misr_data_reg_5_/CDN                   -0.43  (VIOLATED)
   driver_0/lfsr_0/r_lfsr_data_r_reg_31_/CDN                 -0.43  (VIOLATED)
   matrix_mult_group3/sys_ctrl/ib_mem_addr_o_reg_5_/CDN      -0.43  (VIOLATED)
   driver_0/lfsr_0/r_lfsr_data_r_reg_30_/CDN                 -0.43  (VIOLATED)
   driver_0/lfsr_0/r_lfsr_data_r_reg_28_/CDN                 -0.43  (VIOLATED)
   driver_0/lfsr_0/r_lfsr_data_r_reg_27_/CDN                 -0.43  (VIOLATED)
   matrix_mult_group3/sys_ctrl/ib_mem_addr_o_reg_2_/CDN      -0.43  (VIOLATED)
   monitor_0/misr_0/r_misr_data_reg_59_/CDN                  -0.43  (VIOLATED)
   monitor_0/misr_0/r_misr_data_reg_40_/CDN                  -0.43  (VIOLATED)
   driver_0/lfsr_0/r_lfsr_data_r_reg_29_/CDN                 -0.43  (VIOLATED)
   matrix_mult_group3/sys_ctrl/wb_mem_addr_o_reg_0_/CDN      -0.43  (VIOLATED)
   driver_0/lfsr_0/r_lfsr_data_r_reg_34_/CDN                 -0.43  (VIOLATED)
   monitor_0/misr_0/r_misr_data_reg_35_/CDN                  -0.43  (VIOLATED)
   driver_0/lfsr_0/r_lfsr_data_r_reg_42_/CDN                 -0.43  (VIOLATED)
   driver_0/lfsr_0/r_lfsr_data_r_reg_58_/CDN                 -0.43  (VIOLATED)
   monitor_0/misr_0/r_misr_data_reg_58_/CDN                  -0.42  (VIOLATED)
   driver_0/lfsr_0/r_lfsr_data_r_reg_17_/CDN                 -0.42  (VIOLATED)
   driver_0/lfsr_0/r_lfsr_data_r_reg_23_/CDN                 -0.42  (VIOLATED)
   driver_0/lfsr_0/r_lfsr_data_r_reg_45_/CDN                 -0.42  (VIOLATED)
   matrix_mult_group3/sys_ctrl/wb_mem_addr_o_reg_7_/CDN      -0.42  (VIOLATED)
   driver_0/lfsr_0/r_lfsr_data_r_reg_49_/CDN                 -0.42  (VIOLATED)
   matrix_mult_group3/sys_ctrl/ob_mem_addr_o_reg_8_/CDN      -0.42  (VIOLATED)
   matrix_mult_group3/sys_ctrl/ib_mem_addr_o_reg_1_/CDN      -0.42  (VIOLATED)
   matrix_mult_group3/sys_ctrl/wb_mem_addr_o_reg_3_/CDN      -0.42  (VIOLATED)
   monitor_0/misr_0/r_misr_data_reg_32_/CDN                  -0.42  (VIOLATED)
   monitor_0/misr_0/r_misr_data_reg_52_/CDN                  -0.42  (VIOLATED)
   matrix_mult_group3/sys_ctrl/ib_mem_addr_o_reg_3_/CDN      -0.42  (VIOLATED)
   monitor_0/misr_0/r_misr_data_reg_57_/CDN                  -0.42  (VIOLATED)
   driver_0/lfsr_0/r_lfsr_data_r_reg_54_/CDN                 -0.41  (VIOLATED)
   monitor_0/misr_0/r_misr_data_reg_8_/CDN                   -0.41  (VIOLATED)
   driver_0/lfsr_0/r_lfsr_data_r_reg_47_/CDN                 -0.41  (VIOLATED)
   driver_0/lfsr_0/r_lfsr_data_r_reg_13_/CDN                 -0.40  (VIOLATED)
   monitor_0/misr_0/r_misr_data_reg_11_/CDN                  -0.40  (VIOLATED)
   monitor_0/misr_0/r_misr_data_reg_64_/CDN                  -0.40  (VIOLATED)
   monitor_0/misr_0/r_misr_data_reg_63_/CDN                  -0.40  (VIOLATED)
   driver_0/lfsr_0/r_lfsr_data_r_reg_48_/CDN                 -0.40  (VIOLATED)
   monitor_0/misr_0/r_misr_data_reg_21_/CDN                  -0.40  (VIOLATED)
   monitor_0/misr_0/r_misr_data_reg_16_/CDN                  -0.40  (VIOLATED)
   driver_0/lfsr_0/r_lfsr_data_r_reg_25_/CDN                 -0.40  (VIOLATED)
   driver_0/lfsr_0/r_lfsr_data_r_reg_14_/CDN                 -0.40  (VIOLATED)
   monitor_0/misr_0/r_misr_data_reg_10_/CDN                  -0.40  (VIOLATED)
   driver_0/lfsr_0/r_lfsr_data_r_reg_1_/CDN                  -0.40  (VIOLATED)
   driver_0/lfsr_0/r_lfsr_data_r_reg_19_/CDN                 -0.40  (VIOLATED)
   monitor_0/misr_0/r_misr_data_reg_14_/CDN                  -0.40  (VIOLATED)
   driver_0/lfsr_0/r_lfsr_data_r_reg_38_/CDN                 -0.40  (VIOLATED)
   driver_0/lfsr_0/r_lfsr_data_r_reg_39_/CDN                 -0.39  (VIOLATED)
   driver_0/lfsr_0/r_lfsr_data_r_reg_40_/CDN                 -0.39  (VIOLATED)
   monitor_0/misr_0/r_misr_data_reg_60_/CDN                  -0.39  (VIOLATED)
   driver_0/lfsr_0/r_lfsr_data_r_reg_46_/SDN                 -0.39  (VIOLATED)
   monitor_0/misr_0/r_misr_data_reg_61_/CDN                  -0.39  (VIOLATED)
   monitor_0/misr_0/r_misr_data_reg_42_/CDN                  -0.39  (VIOLATED)
   driver_0/lfsr_0/r_lfsr_data_r_reg_61_/SDN                 -0.39  (VIOLATED)
   driver_0/lfsr_0/r_lfsr_data_r_reg_50_/SDN                 -0.39  (VIOLATED)
   monitor_0/misr_0/r_misr_data_reg_36_/CDN                  -0.39  (VIOLATED)
   monitor_0/misr_0/r_misr_data_reg_34_/CDN                  -0.39  (VIOLATED)
   driver_0/lfsr_0/r_lfsr_data_r_reg_36_/CDN                 -0.39  (VIOLATED)
   monitor_0/misr_0/r_misr_data_reg_13_/SDN                  -0.39  (VIOLATED)
   monitor_0/misr_0/r_misr_data_reg_12_/CDN                  -0.39  (VIOLATED)
   matrix_mult_group3/sys_ctrl/ob_mem_addr_o_reg_0_/SDN      -0.39  (VIOLATED)
   matrix_mult_group3/sys_ctrl/ib_mem_addr_o_reg_4_/CDN      -0.38  (VIOLATED)
   monitor_0/misr_0/r_misr_data_reg_28_/CDN                  -0.38  (VIOLATED)
   monitor_0/misr_0/r_misr_data_reg_37_/CDN                  -0.38  (VIOLATED)
   monitor_0/misr_0/r_misr_data_reg_41_/CDN                  -0.38  (VIOLATED)
   monitor_0/misr_0/r_misr_data_reg_26_/CDN                  -0.38  (VIOLATED)
   driver_0/lfsr_0/r_lfsr_data_r_reg_56_/CDN                 -0.38  (VIOLATED)
   driver_0/lfsr_0/r_lfsr_data_r_reg_16_/CDN                 -0.38  (VIOLATED)
   driver_0/lfsr_0/r_lfsr_data_r_reg_60_/CDN                 -0.38  (VIOLATED)
   monitor_0/misr_0/r_misr_data_reg_20_/CDN                  -0.38  (VIOLATED)
   driver_0/lfsr_0/r_lfsr_data_r_reg_52_/SDN                 -0.38  (VIOLATED)
   matrix_mult_group3/sys_ctrl/ob_mem_addr_o_reg_7_/CDN      -0.38  (VIOLATED)
   driver_0/lfsr_0/r_lfsr_data_r_reg_44_/SDN                 -0.38  (VIOLATED)
   driver_0/lfsr_0/r_lfsr_data_r_reg_8_/CDN                  -0.38  (VIOLATED)
   monitor_0/misr_0/r_misr_data_reg_47_/SDN                  -0.38  (VIOLATED)
   driver_0/lfsr_0/r_lfsr_data_r_reg_62_/CDN                 -0.38  (VIOLATED)
   matrix_mult_group3/sys_ctrl/ob_mem_addr_o_reg_1_/CDN      -0.38  (VIOLATED)
   driver_0/lfsr_0/r_lfsr_data_r_reg_24_/CDN                 -0.38  (VIOLATED)
   driver_0/lfsr_0/r_lfsr_data_r_reg_4_/CDN                  -0.38  (VIOLATED)
   monitor_0/misr_0/r_misr_data_reg_53_/SDN                  -0.38  (VIOLATED)
   matrix_mult_group3/sys_ctrl/ib_mem_addr_o_reg_8_/CDN      -0.38  (VIOLATED)
   driver_0/lfsr_0/r_lfsr_data_r_reg_41_/SDN                 -0.38  (VIOLATED)
   matrix_mult_group3/sys_ctrl/ob_mem_addr_o_reg_3_/CDN      -0.38  (VIOLATED)
   matrix_mult_group3/sys_ctrl/ob_mem_addr_o_reg_6_/SDN      -0.37  (VIOLATED)
   matrix_mult_group3/sys_ctrl/wb_mem_addr_o_reg_4_/CDN      -0.37  (VIOLATED)
   driver_0/lfsr_0/r_lfsr_data_r_reg_22_/CDN                 -0.37  (VIOLATED)
   monitor_0/misr_0/r_misr_data_reg_44_/SDN                  -0.37  (VIOLATED)
   driver_0/lfsr_0/r_lfsr_data_r_reg_18_/CDN                 -0.37  (VIOLATED)
   matrix_mult_group3/sys_ctrl/wb_mem_addr_o_reg_8_/CDN      -0.37  (VIOLATED)
   monitor_0/misr_0/r_misr_data_reg_33_/CDN                  -0.37  (VIOLATED)
   driver_0/lfsr_0/r_lfsr_data_r_reg_59_/CDN                 -0.37  (VIOLATED)
   driver_0/lfsr_0/r_lfsr_data_r_reg_26_/CDN                 -0.37  (VIOLATED)
   driver_0/lfsr_0/r_lfsr_data_r_reg_10_/CDN                 -0.37  (VIOLATED)
   driver_0/lfsr_0/r_lfsr_data_r_reg_11_/CDN                 -0.37  (VIOLATED)
   monitor_0/misr_0/r_misr_data_reg_38_/CDN                  -0.36  (VIOLATED)
   monitor_0/misr_0/r_misr_data_reg_39_/CDN                  -0.36  (VIOLATED)
   monitor_0/misr_0/r_misr_data_reg_50_/CDN                  -0.36  (VIOLATED)
   monitor_0/misr_0/r_misr_data_reg_54_/CDN                  -0.36  (VIOLATED)
   monitor_0/misr_0/r_misr_data_reg_31_/CDN                  -0.36  (VIOLATED)
   monitor_0/misr_0/r_misr_data_reg_15_/CDN                  -0.36  (VIOLATED)
   driver_0/lfsr_0/r_lfsr_data_r_reg_37_/CDN                 -0.35  (VIOLATED)
   matrix_mult_group3/sys_ctrl/wb_mem_addr_o_reg_8_/SDN      -0.35  (VIOLATED)
   matrix_mult_group3/sys_ctrl/wb_mem_addr_o_reg_4_/SDN      -0.35  (VIOLATED)
   driver_0/lfsr_0/r_lfsr_data_r_reg_5_/CDN                  -0.35  (VIOLATED)
   driver_0/lfsr_0/r_lfsr_data_r_reg_9_/CDN                  -0.35  (VIOLATED)
   driver_0/lfsr_0/r_lfsr_data_r_reg_15_/CDN                 -0.35  (VIOLATED)
   monitor_0/misr_0/r_misr_data_reg_43_/CDN                  -0.35  (VIOLATED)
   monitor_0/misr_0/r_misr_data_reg_2_/CDN                   -0.35  (VIOLATED)
   monitor_0/misr_0/r_misr_data_reg_46_/CDN                  -0.35  (VIOLATED)
   monitor_0/misr_0/r_misr_data_reg_48_/CDN                  -0.35  (VIOLATED)
   monitor_0/misr_0/r_misr_data_reg_19_/CDN                  -0.34  (VIOLATED)
   driver_0/lfsr_0/r_lfsr_data_r_reg_37_/SDN                 -0.34  (VIOLATED)
   matrix_mult_group3/sys_ctrl/ob_mem_addr_o_reg_6_/CDN      -0.34  (VIOLATED)
   monitor_0/misr_0/r_misr_data_reg_1_/CDN                   -0.34  (VIOLATED)
   monitor_0/misr_0/r_misr_data_reg_2_/SDN                   -0.34  (VIOLATED)
   monitor_0/misr_0/r_misr_data_reg_55_/CDN                  -0.34  (VIOLATED)
   monitor_0/misr_0/r_misr_data_reg_18_/CDN                  -0.34  (VIOLATED)
   matrix_mult_group3/sys_ctrl/ib_mem_addr_o_reg_0_/CDN      -0.34  (VIOLATED)
   monitor_0/misr_0/r_misr_data_reg_17_/CDN                  -0.34  (VIOLATED)
   driver_0/lfsr_0/r_lfsr_data_r_reg_36_/SDN                 -0.34  (VIOLATED)
   matrix_mult_group3/sys_ctrl/ob_mem_addr_o_reg_2_/CDN      -0.34  (VIOLATED)
   monitor_0/misr_0/r_misr_data_reg_6_/CDN                   -0.34  (VIOLATED)
   driver_0/lfsr_0/r_lfsr_data_r_reg_7_/CDN                  -0.34  (VIOLATED)
   monitor_0/misr_0/r_misr_data_reg_15_/SDN                  -0.34  (VIOLATED)
   driver_0/lfsr_0/r_lfsr_data_r_reg_55_/CDN                 -0.33  (VIOLATED)
   monitor_0/misr_0/r_misr_data_reg_30_/CDN                  -0.33  (VIOLATED)
   monitor_0/misr_0/r_misr_data_reg_24_/CDN                  -0.33  (VIOLATED)
   driver_0/lfsr_0/r_lfsr_data_r_reg_6_/CDN                  -0.33  (VIOLATED)
   monitor_0/misr_0/r_misr_data_reg_54_/SDN                  -0.33  (VIOLATED)
   driver_0/lfsr_0/r_lfsr_data_r_reg_33_/CDN                 -0.33  (VIOLATED)
   driver_0/lfsr_0/r_lfsr_data_r_reg_57_/CDN                 -0.33  (VIOLATED)
   monitor_0/misr_0/r_misr_data_reg_6_/SDN                   -0.33  (VIOLATED)
   driver_0/lfsr_0/r_lfsr_data_r_reg_41_/CDN                 -0.33  (VIOLATED)
   driver_0/lfsr_0/r_lfsr_data_r_reg_32_/CDN                 -0.33  (VIOLATED)
   driver_0/lfsr_0/r_lfsr_data_r_reg_21_/CDN                 -0.33  (VIOLATED)
   driver_0/lfsr_0/r_lfsr_data_r_reg_15_/SDN                 -0.33  (VIOLATED)
   monitor_0/misr_0/r_misr_data_reg_50_/SDN                  -0.33  (VIOLATED)
   driver_0/lfsr_0/r_lfsr_data_r_reg_38_/SDN                 -0.33  (VIOLATED)
   driver_0/lfsr_0/r_lfsr_data_r_reg_20_/CDN                 -0.33  (VIOLATED)
   driver_0/lfsr_0/r_lfsr_data_r_reg_5_/SDN                  -0.33  (VIOLATED)
   driver_0/lfsr_0/r_lfsr_data_r_reg_44_/CDN                 -0.33  (VIOLATED)
   monitor_0/misr_0/r_misr_data_reg_48_/SDN                  -0.33  (VIOLATED)
   matrix_mult_group3/sys_ctrl/ib_mem_addr_o_reg_8_/SDN      -0.33  (VIOLATED)
   matrix_mult_group3/sys_ctrl/ib_mem_addr_o_reg_0_/SDN      -0.33  (VIOLATED)
   matrix_mult_group3/sys_ctrl/ob_mem_addr_o_reg_2_/SDN      -0.33  (VIOLATED)
   monitor_0/misr_0/r_misr_data_reg_46_/SDN                  -0.33  (VIOLATED)
   matrix_mult_group3/sys_ctrl/ob_mem_addr_o_reg_3_/SDN      -0.33  (VIOLATED)
   monitor_0/misr_0/r_misr_data_reg_43_/SDN                  -0.32  (VIOLATED)
   matrix_mult_group3/sys_ctrl/ob_mem_addr_o_reg_1_/SDN      -0.32  (VIOLATED)
   matrix_mult_group3/sys_ctrl/ob_mem_addr_o_reg_7_/SDN      -0.32  (VIOLATED)
   monitor_0/misr_0/r_misr_data_reg_33_/SDN                  -0.32  (VIOLATED)
   monitor_0/misr_0/r_misr_data_reg_17_/SDN                  -0.32  (VIOLATED)
   monitor_0/misr_0/r_misr_data_reg_45_/CDN                  -0.32  (VIOLATED)
   monitor_0/misr_0/r_misr_data_reg_18_/SDN                  -0.32  (VIOLATED)
   driver_0/lfsr_0/r_lfsr_data_r_reg_6_/SDN                  -0.32  (VIOLATED)
   monitor_0/misr_0/r_misr_data_reg_55_/SDN                  -0.32  (VIOLATED)
   driver_0/lfsr_0/r_lfsr_data_r_reg_20_/SDN                 -0.32  (VIOLATED)
   driver_0/lfsr_0/r_lfsr_data_r_reg_55_/SDN                 -0.32  (VIOLATED)
   driver_0/lfsr_0/r_lfsr_data_r_reg_32_/SDN                 -0.32  (VIOLATED)
   driver_0/lfsr_0/r_lfsr_data_r_reg_7_/SDN                  -0.32  (VIOLATED)
   driver_0/lfsr_0/r_lfsr_data_r_reg_21_/SDN                 -0.32  (VIOLATED)
   driver_0/lfsr_0/r_lfsr_data_r_reg_57_/SDN                 -0.32  (VIOLATED)
   monitor_0/misr_0/r_misr_data_reg_1_/SDN                   -0.32  (VIOLATED)
   driver_0/lfsr_0/r_lfsr_data_r_reg_33_/SDN                 -0.32  (VIOLATED)
   monitor_0/misr_0/r_misr_data_reg_30_/SDN                  -0.32  (VIOLATED)
   monitor_0/misr_0/r_misr_data_reg_24_/SDN                  -0.32  (VIOLATED)
   driver_0/lfsr_0/r_lfsr_data_r_reg_62_/SDN                 -0.32  (VIOLATED)
   monitor_0/misr_0/r_misr_data_reg_19_/SDN                  -0.32  (VIOLATED)
   driver_0/lfsr_0/r_lfsr_data_r_reg_61_/CDN                 -0.32  (VIOLATED)
   driver_0/lfsr_0/r_lfsr_data_r_reg_11_/SDN                 -0.31  (VIOLATED)
   driver_0/lfsr_0/r_lfsr_data_r_reg_46_/CDN                 -0.31  (VIOLATED)
   driver_0/lfsr_0/r_lfsr_data_r_reg_10_/SDN                 -0.31  (VIOLATED)
   driver_0/lfsr_0/r_lfsr_data_r_reg_60_/SDN                 -0.31  (VIOLATED)
   monitor_0/misr_0/r_misr_data_reg_45_/SDN                  -0.31  (VIOLATED)
   monitor_0/misr_0/r_misr_data_reg_10_/SDN                  -0.31  (VIOLATED)
   driver_0/lfsr_0/r_lfsr_data_r_reg_56_/SDN                 -0.31  (VIOLATED)
   monitor_0/misr_0/r_misr_data_reg_11_/SDN                  -0.31  (VIOLATED)
   driver_0/lfsr_0/r_lfsr_data_r_reg_18_/SDN                 -0.30  (VIOLATED)
   monitor_0/misr_0/r_misr_data_reg_53_/CDN                  -0.30  (VIOLATED)
   driver_0/lfsr_0/r_lfsr_data_r_reg_22_/SDN                 -0.30  (VIOLATED)
   driver_0/lfsr_0/r_lfsr_data_r_reg_9_/SDN                  -0.30  (VIOLATED)
   matrix_mult_group3/sys_ctrl/wb_mem_addr_o_reg_2_/SDN      -0.30  (VIOLATED)
   driver_0/lfsr_0/r_lfsr_data_r_reg_24_/SDN                 -0.30  (VIOLATED)
   monitor_0/misr_0/r_misr_data_reg_34_/SDN                  -0.30  (VIOLATED)
   monitor_0/misr_0/r_misr_data_reg_31_/SDN                  -0.30  (VIOLATED)
   monitor_0/misr_0/r_misr_data_reg_13_/CDN                  -0.30  (VIOLATED)
   matrix_mult_group3/sys_ctrl/wb_mem_addr_o_reg_5_/SDN      -0.29  (VIOLATED)
   matrix_mult_group3/sys_ctrl/ob_mem_addr_o_reg_0_/CDN      -0.29  (VIOLATED)
   monitor_0/misr_0/r_misr_data_reg_12_/SDN                  -0.29  (VIOLATED)
   monitor_0/misr_0/r_misr_data_reg_20_/SDN                  -0.29  (VIOLATED)
   driver_0/lfsr_0/r_lfsr_data_r_reg_45_/SDN                 -0.29  (VIOLATED)
   monitor_0/misr_0/r_misr_data_reg_36_/SDN                  -0.29  (VIOLATED)
   driver_0/lfsr_0/r_lfsr_data_r_reg_40_/SDN                 -0.29  (VIOLATED)
   driver_0/lfsr_0/r_lfsr_data_r_reg_39_/SDN                 -0.29  (VIOLATED)
   monitor_0/misr_0/r_misr_data_reg_57_/SDN                  -0.29  (VIOLATED)
   driver_0/lfsr_0/r_lfsr_data_r_reg_13_/SDN                 -0.29  (VIOLATED)
   monitor_0/misr_0/r_misr_data_reg_52_/SDN                  -0.29  (VIOLATED)
   matrix_mult_group3/sys_ctrl/wb_mem_addr_o_reg_6_/SDN      -0.29  (VIOLATED)
   driver_0/lfsr_0/r_lfsr_data_r_reg_52_/CDN                 -0.29  (VIOLATED)
   driver_0/lfsr_0/r_lfsr_data_r_reg_4_/SDN                  -0.29  (VIOLATED)
   driver_0/lfsr_0/r_lfsr_data_r_reg_8_/SDN                  -0.29  (VIOLATED)
   monitor_0/misr_0/r_misr_data_reg_14_/SDN                  -0.29  (VIOLATED)
   matrix_mult_group3/sys_ctrl/wb_mem_addr_o_reg_3_/SDN      -0.29  (VIOLATED)
   matrix_mult_group3/sys_ctrl/wb_mem_addr_o_reg_7_/SDN      -0.28  (VIOLATED)
   driver_0/lfsr_0/r_lfsr_data_r_reg_16_/SDN                 -0.28  (VIOLATED)
   driver_0/lfsr_0/r_lfsr_data_r_reg_50_/CDN                 -0.28  (VIOLATED)
   monitor_0/misr_0/r_misr_data_reg_61_/SDN                  -0.28  (VIOLATED)
   monitor_0/misr_0/r_misr_data_reg_60_/SDN                  -0.28  (VIOLATED)
   matrix_mult_group3/sys_ctrl/wb_mem_addr_o_reg_0_/SDN      -0.28  (VIOLATED)
   monitor_0/misr_0/r_misr_data_reg_58_/SDN                  -0.28  (VIOLATED)
   monitor_0/misr_0/r_misr_data_reg_28_/SDN                  -0.28  (VIOLATED)
   monitor_0/misr_0/r_misr_data_reg_44_/CDN                  -0.28  (VIOLATED)
   monitor_0/misr_0/r_misr_data_reg_26_/SDN                  -0.28  (VIOLATED)
   monitor_0/misr_0/r_misr_data_reg_16_/SDN                  -0.28  (VIOLATED)
   monitor_0/misr_0/r_misr_data_reg_21_/SDN                  -0.27  (VIOLATED)
   monitor_0/misr_0/r_misr_data_reg_47_/CDN                  -0.27  (VIOLATED)
   monitor_0/misr_0/r_misr_data_reg_63_/SDN                  -0.27  (VIOLATED)
   driver_0/lfsr_0/r_lfsr_data_r_reg_1_/SDN                  -0.27  (VIOLATED)
   driver_0/lfsr_0/r_lfsr_data_r_reg_48_/SDN                 -0.27  (VIOLATED)
   monitor_0/misr_0/r_misr_data_reg_64_/SDN                  -0.27  (VIOLATED)
   monitor_0/misr_0/r_misr_data_reg_37_/SDN                  -0.27  (VIOLATED)
   monitor_0/misr_0/r_misr_data_reg_41_/SDN                  -0.27  (VIOLATED)
   driver_0/lfsr_0/r_lfsr_data_r_reg_14_/SDN                 -0.27  (VIOLATED)
   matrix_mult_group3/sys_ctrl/ib_mem_addr_o_reg_4_/SDN      -0.27  (VIOLATED)
   driver_0/lfsr_0/r_lfsr_data_r_reg_59_/SDN                 -0.27  (VIOLATED)
   matrix_mult_group3/sys_ctrl/ib_mem_addr_o_reg_3_/SDN      -0.27  (VIOLATED)
   matrix_mult_group3/sys_ctrl/ib_mem_addr_o_reg_1_/SDN      -0.27  (VIOLATED)
   driver_0/lfsr_0/r_lfsr_data_r_reg_47_/SDN                 -0.27  (VIOLATED)
   matrix_mult_group3/sys_ctrl/ob_mem_addr_o_reg_8_/SDN      -0.27  (VIOLATED)
   matrix_mult_group3/sys_ctrl/ib_mem_addr_o_reg_2_/SDN      -0.27  (VIOLATED)
   driver_0/lfsr_0/r_lfsr_data_r_reg_26_/SDN                 -0.26  (VIOLATED)
   monitor_0/misr_0/r_misr_data_reg_42_/SDN                  -0.26  (VIOLATED)
   driver_0/lfsr_0/r_lfsr_data_r_reg_17_/SDN                 -0.26  (VIOLATED)
   monitor_0/misr_0/r_misr_data_reg_7_/SDN                   -0.26  (VIOLATED)
   monitor_0/misr_0/r_misr_data_reg_5_/SDN                   -0.26  (VIOLATED)
   driver_0/lfsr_0/r_lfsr_data_r_reg_54_/SDN                 -0.26  (VIOLATED)
   matrix_mult_group3/sys_ctrl/ib_mem_addr_o_reg_5_/SDN      -0.26  (VIOLATED)
   monitor_0/misr_0/r_misr_data_reg_39_/SDN                  -0.26  (VIOLATED)
   monitor_0/misr_0/r_misr_data_reg_38_/SDN                  -0.26  (VIOLATED)
   monitor_0/misr_0/r_misr_data_reg_8_/SDN                   -0.26  (VIOLATED)
   driver_0/lfsr_0/r_lfsr_data_r_reg_49_/SDN                 -0.25  (VIOLATED)
   driver_0/lfsr_0/r_lfsr_data_r_reg_34_/SDN                 -0.25  (VIOLATED)
   driver_0/lfsr_0/r_lfsr_data_r_reg_58_/SDN                 -0.25  (VIOLATED)
   monitor_0/misr_0/r_misr_data_reg_32_/SDN                  -0.25  (VIOLATED)
   driver_0/lfsr_0/r_lfsr_data_r_reg_35_/SDN                 -0.25  (VIOLATED)
   driver_0/lfsr_0/r_lfsr_data_r_reg_19_/SDN                 -0.25  (VIOLATED)
   matrix_mult_group3/sys_ctrl/ob_mem_addr_o_reg_5_/SDN      -0.24  (VIOLATED)
   monitor_0/misr_0/r_misr_data_reg_35_/SDN                  -0.24  (VIOLATED)
   monitor_0/misr_0/r_misr_data_reg_25_/SDN                  -0.24  (VIOLATED)
   driver_0/lfsr_0/r_lfsr_data_r_reg_25_/SDN                 -0.24  (VIOLATED)
   monitor_0/misr_0/r_misr_data_reg_29_/SDN                  -0.24  (VIOLATED)
   driver_0/lfsr_0/r_lfsr_data_r_reg_42_/SDN                 -0.24  (VIOLATED)
   monitor_0/misr_0/r_misr_data_reg_22_/SDN                  -0.24  (VIOLATED)
   driver_0/lfsr_0/r_lfsr_data_r_reg_43_/SDN                 -0.23  (VIOLATED)
   driver_0/lfsr_0/r_lfsr_data_r_reg_63_/SDN                 -0.23  (VIOLATED)
   monitor_0/misr_0/r_misr_data_reg_59_/SDN                  -0.23  (VIOLATED)
   monitor_0/misr_0/r_misr_data_reg_51_/SDN                  -0.23  (VIOLATED)
   driver_0/lfsr_0/r_lfsr_data_r_reg_23_/SDN                 -0.23  (VIOLATED)
   monitor_0/misr_0/r_misr_data_reg_56_/SDN                  -0.23  (VIOLATED)
   matrix_mult_group3/sys_ctrl/wb_mem_addr_o_reg_1_/SDN      -0.22  (VIOLATED)
   driver_0/lfsr_0/r_lfsr_data_r_reg_29_/SDN                 -0.22  (VIOLATED)
   driver_0/lfsr_0/r_lfsr_data_r_reg_27_/SDN                 -0.22  (VIOLATED)
   driver_0/lfsr_0/r_lfsr_data_r_reg_12_/SDN                 -0.22  (VIOLATED)
   driver_0/lfsr_0/r_lfsr_data_r_reg_28_/SDN                 -0.22  (VIOLATED)
   driver_0/lfsr_0/r_lfsr_data_r_reg_31_/SDN                 -0.22  (VIOLATED)
   driver_0/lfsr_0/r_lfsr_data_r_reg_30_/SDN                 -0.22  (VIOLATED)
   driver_0/lfsr_0/r_lfsr_data_r_reg_2_/SDN                  -0.22  (VIOLATED)
   matrix_mult_group3/sys_ctrl/ib_mem_addr_o_reg_7_/SDN      -0.21  (VIOLATED)
   matrix_mult_group3/sys_ctrl/ib_mem_addr_o_reg_6_/SDN      -0.21  (VIOLATED)
   driver_0/lfsr_0/r_lfsr_data_r_reg_53_/SDN                 -0.21  (VIOLATED)
   monitor_0/misr_0/r_misr_data_reg_40_/SDN                  -0.21  (VIOLATED)
   monitor_0/misr_0/r_misr_data_reg_9_/SDN                   -0.21  (VIOLATED)
   driver_0/lfsr_0/r_lfsr_data_r_reg_51_/SDN                 -0.21  (VIOLATED)
   matrix_mult_group3/sys_ctrl/ob_mem_addr_o_reg_4_/SDN      -0.19  (VIOLATED)
   monitor_0/misr_0/r_misr_data_reg_27_/SDN                  -0.19  (VIOLATED)
   monitor_0/misr_0/r_misr_data_reg_3_/SDN                   -0.19  (VIOLATED)
   driver_0/lfsr_0/r_lfsr_data_r_reg_64_/SDN                 -0.19  (VIOLATED)
   monitor_0/misr_0/r_misr_data_reg_23_/SDN                  -0.19  (VIOLATED)
   monitor_0/misr_0/r_misr_data_reg_4_/SDN                   -0.18  (VIOLATED)
   monitor_0/misr_0/r_misr_data_reg_62_/SDN                  -0.18  (VIOLATED)
   monitor_0/misr_0/r_misr_data_reg_49_/SDN                  -0.17  (VIOLATED)
   driver_0/lfsr_0/r_lfsr_data_r_reg_3_/SDN                  -0.16  (VIOLATED)


   min_delay/hold ('clk' group)

   Endpoint                                                  Slack
   -----------------------------------------------------------------
   matrix_mult_group3/sys_array/sys_ROW_1__sys_COL_2__u_pe/weight_r_reg_3_/D
                                                             -0.01  (VIOLATED)
   matrix_mult_group3/sys_array/sys_ROW_2__sys_COL_1__u_pe/weight_r_reg_3_/D
                                                             -0.01  (VIOLATED)
   matrix_mult_group3/sys_ctrl/ctrl_ps_valid_o_reg_1__3_/D
                                                             -0.01  (VIOLATED)
   matrix_mult_group3/sys_array/sys_ROW_2__sys_COL_0__u_pe/weight_r_reg_4_/D
                                                             -0.01  (VIOLATED)
   matrix_mult_group3/sys_array/sys_ROW_2__sys_COL_2__u_pe/weight_r_reg_1_/D
                                                              0.00  (VIOLATED: increase significant digits)
   matrix_mult_group3/sys_array/sys_ROW_2__sys_COL_2__u_pe/weight_r_reg_4_/D
                                                              0.00  (VIOLATED: increase significant digits)
   matrix_mult_group3/sys_array/sys_ROW_2__sys_COL_2__u_pe/weight_r_reg_2_/D
                                                              0.00  (VIOLATED: increase significant digits)
   matrix_mult_group3/sys_array/sys_ROW_2__sys_COL_1__u_pe/weight_r_reg_5_/D
                                                              0.00  (VIOLATED: increase significant digits)
   matrix_mult_group3/sys_array/sys_ROW_2__sys_COL_1__u_pe/weight_r_reg_6_/D
                                                              0.00  (VIOLATED: increase significant digits)
   matrix_mult_group3/sys_array/sys_ROW_2__sys_COL_1__u_pe/weight_r_reg_7_/D
                                                              0.00  (VIOLATED: increase significant digits)
   matrix_mult_group3/sys_array/sys_ROW_3__sys_COL_3__u_pe/weight_r_reg_1_/D
                                                              0.00  (VIOLATED: increase significant digits)
   matrix_mult_group3/sys_array/sys_ROW_2__sys_COL_1__u_pe/weight_r_reg_2_/D
                                                              0.00  (VIOLATED: increase significant digits)
   matrix_mult_group3/sys_array/sys_ROW_2__sys_COL_1__u_pe/weight_r_reg_0_/D
                                                              0.00  (VIOLATED: increase significant digits)
   matrix_mult_group3/sys_array/sys_ROW_3__sys_COL_2__u_pe/weight_r_reg_1_/D
                                                              0.00  (VIOLATED: increase significant digits)
   matrix_mult_group3/sys_array/sys_ROW_2__sys_COL_1__u_pe/weight_r_reg_1_/D
                                                              0.00  (VIOLATED: increase significant digits)
   matrix_mult_group3/sys_ctrl/ctrl_ps_valid_o_reg_1__2_/D
                                                              0.00  (VIOLATED: increase significant digits)
   matrix_mult_group3/sys_array/sys_ROW_1__sys_COL_2__u_pe/weight_r_reg_4_/D
                                                              0.00  (VIOLATED: increase significant digits)
   matrix_mult_group3/sys_array/sys_ROW_3__sys_COL_3__u_pe/weight_r_reg_4_/D
                                                              0.00  (VIOLATED: increase significant digits)
   matrix_mult_group3/sys_array/sys_ROW_1__sys_COL_2__u_pe/weight_r_reg_1_/D
                                                              0.00  (VIOLATED: increase significant digits)
   matrix_mult_group3/sys_array/sys_ROW_2__sys_COL_2__u_pe/weight_r_reg_3_/D
                                                              0.00  (VIOLATED: increase significant digits)
   matrix_mult_group3/sys_array/sys_ROW_2__sys_COL_1__u_pe/weight_r_reg_4_/D
                                                              0.00  (VIOLATED: increase significant digits)



   removal

   Endpoint                                                  Slack
   -----------------------------------------------------------------
   driver_0/r_state_reg_0_/CDN                                0.00  (VIOLATED: increase significant digits)
   driver_0/r_state_reg_1_/CDN                                0.00  (VIOLATED: increase significant digits)
   monitor_0/r_state_reg_1_/CDN                               0.00  (VIOLATED: increase significant digits)




1
