****************************************
Report : analysis_coverage
Design : matrix_mult_wrapper_03
Version: W-2024.09-SP5
Date   : Tue Nov 11 15:45:58 2025
****************************************

Type of Check         Total              Met         Violated         Untested
--------------------------------------------------------------------------------
setup                  1041       714 ( 69%)       310 ( 30%)        17 (  2%)
hold                   1041      1003 ( 96%)        21 (  2%)        17 (  2%)
recovery                886       886 (100%)         0 (  0%)         0 (  0%)
removal                 886       883 (100%)         3 (  0%)         0 (  0%)
min_pulse_width        2400      1514 ( 63%)         0 (  0%)       886 ( 37%)
clock_gating_setup       52        26 ( 50%)         0 (  0%)        26 ( 50%)
clock_gating_hold        52        26 ( 50%)         0 (  0%)        26 ( 50%)
out_setup               175        64 ( 37%)         0 (  0%)       111 ( 63%)
out_hold                175        64 ( 37%)         0 (  0%)       111 ( 63%)
--------------------------------------------------------------------------------
All Checks             6708      5180 ( 77%)       334 (  5%)      1194 ( 18%)

1
